--- Start BURT header
Time:     Thu Jul 22 16:33:47 2010
Login ID: mooney (Tim Mooney)
Eff  UID: 597
Group ID: 104
Keywords: 
Comments: 
Type:     Absolute
Directory /home/oxygen4/MOONEY/epics/synAppsSVN/support/softGlue/softGlueApp/Db
Req File: softGlue.req
--- End BURT header
xxx:softGlue:AND-1_IN1_Signal 1 \0
xxx:softGlue:AND-1_IN2_Signal 1 \0
xxx:softGlue:AND-1_OUT_Signal 1 \0
xxx:softGlue:AND-2_IN1_Signal 1 \0
xxx:softGlue:AND-2_IN2_Signal 1 \0
xxx:softGlue:AND-2_OUT_Signal 1 \0
xxx:softGlue:AND-3_IN1_Signal 1 \0
xxx:softGlue:AND-3_IN2_Signal 1 \0
xxx:softGlue:AND-3_OUT_Signal 1 \0
xxx:softGlue:AND-4_IN1_Signal 1 \0
xxx:softGlue:AND-4_IN2_Signal 1 \0
xxx:softGlue:AND-4_OUT_Signal 1 \0
xxx:softGlue:OR-1_IN1_Signal 1 \0
xxx:softGlue:OR-1_IN2_Signal 1 \0
xxx:softGlue:OR-1_OUT_Signal 1 \0
xxx:softGlue:OR-2_IN1_Signal 1 \0
xxx:softGlue:OR-2_IN2_Signal 1 \0
xxx:softGlue:OR-2_OUT_Signal 1 \0
xxx:softGlue:OR-3_IN1_Signal 1 \0
xxx:softGlue:OR-3_IN2_Signal 1 \0
xxx:softGlue:OR-3_OUT_Signal 1 \0
xxx:softGlue:OR-4_IN1_Signal 1 \0
xxx:softGlue:OR-4_IN2_Signal 1 \0
xxx:softGlue:OR-4_OUT_Signal 1 \0
xxx:softGlue:XOR-1_IN1_Signal 1 \0
xxx:softGlue:XOR-1_IN2_Signal 1 \0
xxx:softGlue:XOR-1_OUT_Signal 1 \0
xxx:softGlue:XOR-2_IN1_Signal 1 \0
xxx:softGlue:XOR-2_IN2_Signal 1 \0
xxx:softGlue:XOR-2_OUT_Signal 1 \0
xxx:softGlue:BUFFER-1_IN_Signal 1 \0
xxx:softGlue:BUFFER-1_OUT_Signal 1 \0
xxx:softGlue:BUFFER-2_IN_Signal 1 \0
xxx:softGlue:BUFFER-2_OUT_Signal 1 \0
xxx:softGlue:BUFFER-3_IN_Signal 1 \0
xxx:softGlue:BUFFER-3_OUT_Signal 1 \0
xxx:softGlue:BUFFER-4_IN_Signal 1 \0
xxx:softGlue:BUFFER-4_OUT_Signal 1 \0
xxx:softGlue:DEMUX2-1_IN_Signal 1 \0
xxx:softGlue:DEMUX2-1_OUT0_Signal 1 \0
xxx:softGlue:DEMUX2-1_OUT1_Signal 1 \0
xxx:softGlue:DEMUX2-1_SEL_Signal 1 \0
xxx:softGlue:DEMUX2-2_IN_Signal 1 \0
xxx:softGlue:DEMUX2-2_OUT0_Signal 1 \0
xxx:softGlue:DEMUX2-2_OUT1_Signal 1 \0
xxx:softGlue:DEMUX2-2_SEL_Signal 1 \0
xxx:softGlue:DFF-1_CLEAR_Signal 1 \0
xxx:softGlue:DFF-1_CLOCK_Signal 1 \0
xxx:softGlue:DFF-1_D_Signal 1 \0
xxx:softGlue:DFF-1_OUT_Signal 1 \0
xxx:softGlue:DFF-1_SET_Signal 1 \0
xxx:softGlue:DFF-2_CLEAR_Signal 1 \0
xxx:softGlue:DFF-2_CLOCK_Signal 1 \0
xxx:softGlue:DFF-2_D_Signal 1 \0
xxx:softGlue:DFF-2_OUT_Signal 1 \0
xxx:softGlue:DFF-2_SET_Signal 1 \0
xxx:softGlue:DFF-3_CLEAR_Signal 1 \0
xxx:softGlue:DFF-3_CLOCK_Signal 1 \0
xxx:softGlue:DFF-3_D_Signal 1 \0
xxx:softGlue:DFF-3_OUT_Signal 1 \0
xxx:softGlue:DFF-3_SET_Signal 1 \0
xxx:softGlue:DFF-4_CLEAR_Signal 1 \0
xxx:softGlue:DFF-4_CLOCK_Signal 1 \0
xxx:softGlue:DFF-4_D_Signal 1 \0
xxx:softGlue:DFF-4_OUT_Signal 1 \0
xxx:softGlue:DFF-4_SET_Signal 1 \0
xxx:softGlue:DivByN-1_CLOCK_Signal 1 \0
xxx:softGlue:DivByN-1_ENABLE_Signal 1 \0
xxx:softGlue:DivByN-1_OUT_Signal 1 \0
xxx:softGlue:DivByN-1_RESET_Signal 1 \0
xxx:softGlue:DivByN-2_CLOCK_Signal 1 \0
xxx:softGlue:DivByN-2_ENABLE_Signal 1 \0
xxx:softGlue:DivByN-2_OUT_Signal 1 \0
xxx:softGlue:DivByN-2_RESET_Signal 1 \0
xxx:softGlue:DivByN-3_CLOCK_Signal 1 \0
xxx:softGlue:DivByN-3_ENABLE_Signal 1 \0
xxx:softGlue:DivByN-3_OUT_Signal 1 \0
xxx:softGlue:DivByN-3_RESET_Signal 1 \0
xxx:softGlue:DivByN-4_CLOCK_Signal 1 \0
xxx:softGlue:DivByN-4_ENABLE_Signal 1 \0
xxx:softGlue:DivByN-4_OUT_Signal 1 \0
xxx:softGlue:DivByN-4_RESET_Signal 1 \0
xxx:softGlue:DnCntr-1_CLOCK_Signal 1 \0
xxx:softGlue:DnCntr-1_ENABLE_Signal 1 \0
xxx:softGlue:DnCntr-1_LOAD_Signal 1 \0
xxx:softGlue:DnCntr-1_OUT_Signal 1 \0
xxx:softGlue:DnCntr-2_CLOCK_Signal 1 \0
xxx:softGlue:DnCntr-2_ENABLE_Signal 1 \0
xxx:softGlue:DnCntr-2_LOAD_Signal 1 \0
xxx:softGlue:DnCntr-2_OUT_Signal 1 \0
xxx:softGlue:DnCntr-3_CLOCK_Signal 1 \0
xxx:softGlue:DnCntr-3_ENABLE_Signal 1 \0
xxx:softGlue:DnCntr-3_LOAD_Signal 1 \0
xxx:softGlue:DnCntr-3_OUT_Signal 1 \0
xxx:softGlue:DnCntr-4_CLOCK_Signal 1 \0
xxx:softGlue:DnCntr-4_ENABLE_Signal 1 \0
xxx:softGlue:DnCntr-4_LOAD_Signal 1 \0
xxx:softGlue:DnCntr-4_OUT_Signal 1 \0
xxx:softGlue:MUX2-1_IN0_Signal 1 \0
xxx:softGlue:MUX2-1_IN1_Signal 1 \0
xxx:softGlue:MUX2-1_OUT_Signal 1 \0
xxx:softGlue:MUX2-1_SEL_Signal 1 \0
xxx:softGlue:MUX2-2_IN0_Signal 1 \0
xxx:softGlue:MUX2-2_IN1_Signal 1 \0
xxx:softGlue:MUX2-2_OUT_Signal 1 \0
xxx:softGlue:MUX2-2_SEL_Signal 1 \0
xxx:softGlue:UpCntr-1_CLEAR_Signal 1 \0
xxx:softGlue:UpCntr-1_CLOCK_Signal 1 \0
xxx:softGlue:UpCntr-1_ENABLE_Signal 1 \0
xxx:softGlue:UpCntr-2_CLEAR_Signal 1 \0
xxx:softGlue:UpCntr-2_CLOCK_Signal 1 \0
xxx:softGlue:UpCntr-2_ENABLE_Signal 1 \0
xxx:softGlue:UpCntr-3_CLEAR_Signal 1 \0
xxx:softGlue:UpCntr-3_CLOCK_Signal 1 \0
xxx:softGlue:UpCntr-3_ENABLE_Signal 1 \0
xxx:softGlue:UpCntr-4_CLEAR_Signal 1 \0
xxx:softGlue:UpCntr-4_CLOCK_Signal 1 \0
xxx:softGlue:UpCntr-4_ENABLE_Signal 1 \0
xxx:softGlue:8MHZ_CLOCK_Signal 1 \0
xxx:softGlue:FI1_Signal 1 \0
xxx:softGlue:FI2_Signal 1 \0
xxx:softGlue:FI3_Signal 1 \0
xxx:softGlue:FI4_Signal 1 \0
xxx:softGlue:FI5_Signal 1 \0
xxx:softGlue:FI6_Signal 1 \0
xxx:softGlue:FI7_Signal 1 \0
xxx:softGlue:FI8_Signal 1 \0
xxx:softGlue:FI9_Signal 1 \0
xxx:softGlue:FI10_Signal 1 \0
xxx:softGlue:FI11_Signal 1 \0
xxx:softGlue:FI12_Signal 1 \0
xxx:softGlue:FI13_Signal 1 \0
xxx:softGlue:FI14_Signal 1 \0
xxx:softGlue:FI15_Signal 1 \0
xxx:softGlue:FI16_Signal 1 \0
xxx:softGlue:FI17_Signal 1 \0
xxx:softGlue:FI18_Signal 1 \0
xxx:softGlue:FI19_Signal 1 \0
xxx:softGlue:FI20_Signal 1 \0
xxx:softGlue:FI21_Signal 1 \0
xxx:softGlue:FI22_Signal 1 \0
xxx:softGlue:FI23_Signal 1 \0
xxx:softGlue:FI24_Signal 1 \0
xxx:softGlue:FI25_Signal 1 \0
xxx:softGlue:FI26_Signal 1 \0
xxx:softGlue:FI27_Signal 1 \0
xxx:softGlue:FI28_Signal 1 \0
xxx:softGlue:FI29_Signal 1 \0
xxx:softGlue:FI30_Signal 1 \0
xxx:softGlue:FI31_Signal 1 \0
xxx:softGlue:FI32_Signal 1 \0
xxx:softGlue:FI33_Signal 1 \0
xxx:softGlue:FI34_Signal 1 \0
xxx:softGlue:FI35_Signal 1 \0
xxx:softGlue:FI36_Signal 1 \0
xxx:softGlue:FI37_Signal 1 \0
xxx:softGlue:FI38_Signal 1 \0
xxx:softGlue:FI39_Signal 1 \0
xxx:softGlue:FI40_Signal 1 \0
xxx:softGlue:FI41_Signal 1 \0
xxx:softGlue:FI42_Signal 1 \0
xxx:softGlue:FI43_Signal 1 \0
xxx:softGlue:FI44_Signal 1 \0
xxx:softGlue:FI45_Signal 1 \0
xxx:softGlue:FI46_Signal 1 \0
xxx:softGlue:FI47_Signal 1 \0
xxx:softGlue:FI48_Signal 1 \0
xxx:softGlue:FO1_Signal 1 \0
xxx:softGlue:FO2_Signal 1 \0
xxx:softGlue:FO3_Signal 1 \0
xxx:softGlue:FO4_Signal 1 \0
xxx:softGlue:FO5_Signal 1 \0
xxx:softGlue:FO6_Signal 1 \0
xxx:softGlue:FO7_Signal 1 \0
xxx:softGlue:FO8_Signal 1 \0
xxx:softGlue:FO9_Signal 1 \0
xxx:softGlue:FO10_Signal 1 \0
xxx:softGlue:FO11_Signal 1 \0
xxx:softGlue:FO12_Signal 1 \0
xxx:softGlue:FO13_Signal 1 \0
xxx:softGlue:FO14_Signal 1 \0
xxx:softGlue:FO15_Signal 1 \0
xxx:softGlue:FO16_Signal 1 \0
xxx:softGlue:FO17_Signal 1 \0
xxx:softGlue:FO18_Signal 1 \0
xxx:softGlue:FO19_Signal 1 \0
xxx:softGlue:FO20_Signal 1 \0
xxx:softGlue:FO21_Signal 1 \0
xxx:softGlue:FO22_Signal 1 \0
xxx:softGlue:FO23_Signal 1 \0
xxx:softGlue:FO24_Signal 1 \0
xxx:softGlue:FO25_Signal 1 \0
xxx:softGlue:FO26_Signal 1 \0
xxx:softGlue:FO27_Signal 1 \0
xxx:softGlue:FO28_Signal 1 \0
xxx:softGlue:FO29_Signal 1 \0
xxx:softGlue:FO30_Signal 1 \0
xxx:softGlue:FO31_Signal 1 \0
xxx:softGlue:FO32_Signal 1 \0
xxx:softGlue:FO33_Signal 1 \0
xxx:softGlue:FO34_Signal 1 \0
xxx:softGlue:FO35_Signal 1 \0
xxx:softGlue:FO36_Signal 1 \0
xxx:softGlue:FO37_Signal 1 \0
xxx:softGlue:FO38_Signal 1 \0
xxx:softGlue:FO39_Signal 1 \0
xxx:softGlue:FO40_Signal 1 \0
xxx:softGlue:FO41_Signal 1 \0
xxx:softGlue:FO42_Signal 1 \0
xxx:softGlue:FO43_Signal 1 \0
xxx:softGlue:FO44_Signal 1 \0
xxx:softGlue:FO45_Signal 1 \0
xxx:softGlue:FO46_Signal 1 \0
xxx:softGlue:FO47_Signal 1 \0
xxx:softGlue:FO48_Signal 1 \0
